#-----------------------------------------------------------
# Vivado v2017.4 (64-bit)
# SW Build 2086221 on Fri Dec 15 20:55:39 MST 2017
# IP Build 2085800 on Fri Dec 15 22:25:07 MST 2017
# Start of session at: Tue Jul 10 10:45:51 2018
# Process ID: 14316
# Current directory: C:/Users/Miguel/Desktop/CR/CR_Project/justMd5/justMD5
# Command line: vivado.exe -gui_launcher_event rodinguilauncherevent10284 C:\Users\Miguel\Desktop\CR\CR_Project\justMd5\justMD5\justMD5.xpr
# Log file: C:/Users/Miguel/Desktop/CR/CR_Project/justMd5/justMD5/vivado.log
# Journal file: C:/Users/Miguel/Desktop/CR/CR_Project/justMd5/justMD5\vivado.jou
#-----------------------------------------------------------
start_gui
open_project C:/Users/Miguel/Desktop/CR/CR_Project/justMd5/justMD5/justMD5.xpr
update_compile_order -fileset sources_1
launch_runs impl_1 -to_step write_bitstream -jobs 2
wait_on_run impl_1
reset_run synth_1
launch_runs impl_1 -to_step write_bitstream -jobs 2
wait_on_run impl_1
reset_run synth_1
launch_runs impl_1 -to_step write_bitstream -jobs 2
wait_on_run impl_1
reset_run impl_1 -prev_step 
reset_run synth_1
launch_runs impl_1 -to_step write_bitstream -jobs 2
wait_on_run impl_1
reset_run synth_1
launch_runs impl_1 -to_step write_bitstream -jobs 2
wait_on_run impl_1
reset_run synth_1
launch_runs impl_1 -to_step write_bitstream -jobs 2
wait_on_run impl_1
reset_run synth_1
launch_runs impl_1 -to_step write_bitstream -jobs 2
wait_on_run impl_1
reset_run synth_1
launch_runs impl_1 -to_step write_bitstream -jobs 2
wait_on_run impl_1
create_run synth_2 -flow {Vivado Synthesis 2017} -strategy {Vivado Synthesis Defaults} -report_strategy {Vivado Synthesis Default Reports}
current_run [get_runs synth_2]
set_property part xc7a100tcsg324-1 [current_project]
launch_runs impl_2 -to_step write_bitstream -jobs 2
wait_on_run impl_2
reset_run synth_2
launch_runs impl_2 -to_step write_bitstream -jobs 2
wait_on_run impl_2
open_hw
connect_hw_server
open_hw_target
set_property PROGRAM.FILE {C:/Users/Miguel/Desktop/CR/CR_Project/justMd5/justMD5/justMD5.runs/impl_2/topLevel.bit} [get_hw_devices xc7a100t_0]
current_hw_device [get_hw_devices xc7a100t_0]
refresh_hw_device -update_hw_probes false [lindex [get_hw_devices xc7a100t_0] 0]
set_property PROBES.FILE {} [get_hw_devices xc7a100t_0]
set_property FULL_PROBES.FILE {} [get_hw_devices xc7a100t_0]
set_property PROGRAM.FILE {C:/Users/Miguel/Desktop/CR/CR_Project/justMd5/justMD5/justMD5.runs/impl_2/topLevel.bit} [get_hw_devices xc7a100t_0]
program_hw_devices [get_hw_devices xc7a100t_0]
refresh_hw_device [lindex [get_hw_devices xc7a100t_0] 0]
set_property PROBES.FILE {} [get_hw_devices xc7a100t_0]
set_property FULL_PROBES.FILE {} [get_hw_devices xc7a100t_0]
set_property PROGRAM.FILE {C:/Users/Miguel/Desktop/CR/CR_Project/justMd5/justMD5/justMD5.runs/impl_2/topLevel.bit} [get_hw_devices xc7a100t_0]
program_hw_devices [get_hw_devices xc7a100t_0]
refresh_hw_device [lindex [get_hw_devices xc7a100t_0] 0]
set_property PROBES.FILE {} [get_hw_devices xc7a100t_0]
set_property FULL_PROBES.FILE {} [get_hw_devices xc7a100t_0]
set_property PROGRAM.FILE {C:/Users/Miguel/Desktop/CR/CR_Project/justMd5/justMD5/justMD5.runs/impl_2/topLevel.bit} [get_hw_devices xc7a100t_0]
program_hw_devices [get_hw_devices xc7a100t_0]
refresh_hw_device [lindex [get_hw_devices xc7a100t_0] 0]
reset_run synth_2
launch_runs impl_2 -to_step write_bitstream -jobs 2
wait_on_run impl_2
reset_run synth_2
launch_runs impl_2 -to_step write_bitstream -jobs 2
wait_on_run impl_2
set_property PROBES.FILE {} [get_hw_devices xc7a100t_0]
set_property FULL_PROBES.FILE {} [get_hw_devices xc7a100t_0]
set_property PROGRAM.FILE {C:/Users/Miguel/Desktop/CR/CR_Project/justMd5/justMD5/justMD5.runs/impl_2/topLevel.bit} [get_hw_devices xc7a100t_0]
program_hw_devices [get_hw_devices xc7a100t_0]
refresh_hw_device [lindex [get_hw_devices xc7a100t_0] 0]
set_property PROBES.FILE {} [get_hw_devices xc7a100t_0]
set_property FULL_PROBES.FILE {} [get_hw_devices xc7a100t_0]
set_property PROGRAM.FILE {C:/Users/Miguel/Desktop/CR/CR_Project/justMd5/justMD5/justMD5.runs/impl_2/topLevel.bit} [get_hw_devices xc7a100t_0]
program_hw_devices [get_hw_devices xc7a100t_0]
refresh_hw_device [lindex [get_hw_devices xc7a100t_0] 0]
update_compile_order -fileset sources_1
update_compile_order -fileset sources_1
close_hw
update_compile_order -fileset sources_1
reset_run synth_2
launch_runs impl_2 -to_step write_bitstream -jobs 2
wait_on_run impl_2
open_hw
connect_hw_server
open_hw_target
set_property PROGRAM.FILE {C:/Users/Miguel/Desktop/CR/CR_Project/justMd5/justMD5/justMD5.runs/impl_2/topLevel.bit} [get_hw_devices xc7a100t_0]
current_hw_device [get_hw_devices xc7a100t_0]
refresh_hw_device -update_hw_probes false [lindex [get_hw_devices xc7a100t_0] 0]
set_property PROBES.FILE {} [get_hw_devices xc7a100t_0]
set_property FULL_PROBES.FILE {} [get_hw_devices xc7a100t_0]
set_property PROGRAM.FILE {C:/Users/Miguel/Desktop/CR/CR_Project/justMd5/justMD5/justMD5.runs/impl_2/topLevel.bit} [get_hw_devices xc7a100t_0]
program_hw_devices [get_hw_devices xc7a100t_0]
refresh_hw_device [lindex [get_hw_devices xc7a100t_0] 0]
reset_run synth_2
launch_runs impl_2 -to_step write_bitstream -jobs 2
wait_on_run impl_2
set_property PROBES.FILE {} [get_hw_devices xc7a100t_0]
set_property FULL_PROBES.FILE {} [get_hw_devices xc7a100t_0]
set_property PROGRAM.FILE {C:/Users/Miguel/Desktop/CR/CR_Project/justMd5/justMD5/justMD5.runs/impl_2/topLevel.bit} [get_hw_devices xc7a100t_0]
program_hw_devices [get_hw_devices xc7a100t_0]
refresh_hw_device [lindex [get_hw_devices xc7a100t_0] 0]
reset_run synth_2
launch_runs impl_2 -to_step write_bitstream -jobs 2
wait_on_run impl_2
reset_run synth_2
launch_runs impl_2 -to_step write_bitstream -jobs 2
wait_on_run impl_2
set_property PROBES.FILE {} [get_hw_devices xc7a100t_0]
set_property FULL_PROBES.FILE {} [get_hw_devices xc7a100t_0]
set_property PROGRAM.FILE {C:/Users/Miguel/Desktop/CR/CR_Project/justMd5/justMD5/justMD5.runs/impl_2/topLevel.bit} [get_hw_devices xc7a100t_0]
program_hw_devices [get_hw_devices xc7a100t_0]
refresh_hw_device [lindex [get_hw_devices xc7a100t_0] 0]
set_property PROBES.FILE {} [get_hw_devices xc7a100t_0]
set_property FULL_PROBES.FILE {} [get_hw_devices xc7a100t_0]
set_property PROGRAM.FILE {C:/Users/Miguel/Desktop/CR/CR_Project/justMd5/justMD5/justMD5.runs/impl_2/topLevel.bit} [get_hw_devices xc7a100t_0]
program_hw_devices [get_hw_devices xc7a100t_0]
refresh_hw_device [lindex [get_hw_devices xc7a100t_0] 0]
reset_run synth_2
launch_runs impl_2 -to_step write_bitstream -jobs 2
wait_on_run impl_2
set_property PROBES.FILE {} [get_hw_devices xc7a100t_0]
set_property FULL_PROBES.FILE {} [get_hw_devices xc7a100t_0]
set_property PROGRAM.FILE {C:/Users/Miguel/Desktop/CR/CR_Project/justMd5/justMD5/justMD5.runs/impl_2/topLevel.bit} [get_hw_devices xc7a100t_0]
program_hw_devices [get_hw_devices xc7a100t_0]
refresh_hw_device [lindex [get_hw_devices xc7a100t_0] 0]
reset_run synth_2
launch_runs impl_2 -to_step write_bitstream -jobs 2
wait_on_run impl_2
reset_run impl_2 -prev_step 
launch_runs impl_2 -to_step write_bitstream -jobs 2
wait_on_run impl_2
reset_run synth_2
launch_runs impl_2 -to_step write_bitstream -jobs 2
wait_on_run impl_2
open_run impl_2
close_design
set_property PROBES.FILE {} [get_hw_devices xc7a100t_0]
set_property FULL_PROBES.FILE {} [get_hw_devices xc7a100t_0]
set_property PROGRAM.FILE {C:/Users/Miguel/Desktop/CR/CR_Project/justMd5/justMD5/justMD5.runs/impl_2/topLevel.bit} [get_hw_devices xc7a100t_0]
program_hw_devices [get_hw_devices xc7a100t_0]
refresh_hw_device [lindex [get_hw_devices xc7a100t_0] 0]
set_property PROBES.FILE {} [get_hw_devices xc7a100t_0]
set_property FULL_PROBES.FILE {} [get_hw_devices xc7a100t_0]
set_property PROGRAM.FILE {C:/Users/Miguel/Desktop/CR/CR_Project/justMd5/justMD5/justMD5.runs/impl_2/topLevel.bit} [get_hw_devices xc7a100t_0]
program_hw_devices [get_hw_devices xc7a100t_0]
refresh_hw_device [lindex [get_hw_devices xc7a100t_0] 0]
reset_run synth_2
launch_runs impl_2 -to_step write_bitstream -jobs 2
wait_on_run impl_2
set_property PROBES.FILE {} [get_hw_devices xc7a100t_0]
set_property FULL_PROBES.FILE {} [get_hw_devices xc7a100t_0]
set_property PROGRAM.FILE {C:/Users/Miguel/Desktop/CR/CR_Project/justMd5/justMD5/justMD5.runs/impl_2/topLevel.bit} [get_hw_devices xc7a100t_0]
program_hw_devices [get_hw_devices xc7a100t_0]
refresh_hw_device [lindex [get_hw_devices xc7a100t_0] 0]
reset_run impl_2 -prev_step 
launch_runs impl_2 -to_step write_bitstream -jobs 2
wait_on_run impl_2
set_property PROBES.FILE {} [get_hw_devices xc7a100t_0]
set_property FULL_PROBES.FILE {} [get_hw_devices xc7a100t_0]
set_property PROGRAM.FILE {C:/Users/Miguel/Desktop/CR/CR_Project/justMd5/justMD5/justMD5.runs/impl_2/topLevel.bit} [get_hw_devices xc7a100t_0]
program_hw_devices [get_hw_devices xc7a100t_0]
refresh_hw_device [lindex [get_hw_devices xc7a100t_0] 0]
set_property PROBES.FILE {} [get_hw_devices xc7a100t_0]
set_property FULL_PROBES.FILE {} [get_hw_devices xc7a100t_0]
set_property PROGRAM.FILE {C:/Users/Miguel/Desktop/CR/CR_Project/justMd5/justMD5/justMD5.runs/impl_2/topLevel.bit} [get_hw_devices xc7a100t_0]
program_hw_devices [get_hw_devices xc7a100t_0]
refresh_hw_device [lindex [get_hw_devices xc7a100t_0] 0]
reset_run synth_2
launch_runs impl_2 -to_step write_bitstream -jobs 2
wait_on_run impl_2
set_property PROBES.FILE {} [get_hw_devices xc7a100t_0]
set_property FULL_PROBES.FILE {} [get_hw_devices xc7a100t_0]
set_property PROGRAM.FILE {C:/Users/Miguel/Desktop/CR/CR_Project/justMd5/justMD5/justMD5.runs/impl_2/topLevel.bit} [get_hw_devices xc7a100t_0]
program_hw_devices [get_hw_devices xc7a100t_0]
refresh_hw_device [lindex [get_hw_devices xc7a100t_0] 0]
reset_run impl_2 -prev_step 
launch_runs impl_2 -to_step write_bitstream -jobs 2
wait_on_run impl_2
set_property PROBES.FILE {} [get_hw_devices xc7a100t_0]
set_property FULL_PROBES.FILE {} [get_hw_devices xc7a100t_0]
set_property PROGRAM.FILE {C:/Users/Miguel/Desktop/CR/CR_Project/justMd5/justMD5/justMD5.runs/impl_2/topLevel.bit} [get_hw_devices xc7a100t_0]
program_hw_devices [get_hw_devices xc7a100t_0]
refresh_hw_device [lindex [get_hw_devices xc7a100t_0] 0]
reset_run synth_2
launch_runs impl_2 -to_step write_bitstream -jobs 2
wait_on_run impl_2
set_property PROBES.FILE {} [get_hw_devices xc7a100t_0]
set_property FULL_PROBES.FILE {} [get_hw_devices xc7a100t_0]
set_property PROGRAM.FILE {C:/Users/Miguel/Desktop/CR/CR_Project/justMd5/justMD5/justMD5.runs/impl_2/topLevel.bit} [get_hw_devices xc7a100t_0]
program_hw_devices [get_hw_devices xc7a100t_0]
refresh_hw_device [lindex [get_hw_devices xc7a100t_0] 0]
reset_run synth_2
launch_runs impl_2 -to_step write_bitstream -jobs 2
wait_on_run impl_2
close_hw
reset_run synth_2
launch_runs impl_2 -to_step write_bitstream -jobs 2
wait_on_run impl_2
reset_run impl_2 -prev_step 
launch_runs impl_2 -to_step write_bitstream -jobs 2
wait_on_run impl_2
reset_run impl_2 -prev_step 
reset_run impl_2 -prev_step 
open_hw
connect_hw_server
open_hw_target
current_hw_device [get_hw_devices xc7a100t_0]
refresh_hw_device -update_hw_probes false [lindex [get_hw_devices xc7a100t_0] 0]
launch_runs impl_2 -to_step write_bitstream -jobs 2
wait_on_run impl_2
set_property PROBES.FILE {} [get_hw_devices xc7a100t_0]
set_property FULL_PROBES.FILE {} [get_hw_devices xc7a100t_0]
set_property PROGRAM.FILE {C:/Users/Miguel/Desktop/CR/CR_Project/justMd5/justMD5/justMD5.runs/impl_2/topLevel.bit} [get_hw_devices xc7a100t_0]
program_hw_devices [get_hw_devices xc7a100t_0]
refresh_hw_device [lindex [get_hw_devices xc7a100t_0] 0]
set_property PROBES.FILE {} [get_hw_devices xc7a100t_0]
set_property FULL_PROBES.FILE {} [get_hw_devices xc7a100t_0]
set_property PROGRAM.FILE {C:/Users/Miguel/Desktop/CR/CR_Project/justMd5/justMD5/justMD5.runs/impl_2/topLevel.bit} [get_hw_devices xc7a100t_0]
program_hw_devices [get_hw_devices xc7a100t_0]
refresh_hw_device [lindex [get_hw_devices xc7a100t_0] 0]
reset_run impl_2 -prev_step 
launch_runs impl_2 -to_step write_bitstream -jobs 2
wait_on_run impl_2
set_property PROBES.FILE {} [get_hw_devices xc7a100t_0]
set_property FULL_PROBES.FILE {} [get_hw_devices xc7a100t_0]
set_property PROGRAM.FILE {C:/Users/Miguel/Desktop/CR/CR_Project/justMd5/justMD5/justMD5.runs/impl_2/topLevel.bit} [get_hw_devices xc7a100t_0]
program_hw_devices [get_hw_devices xc7a100t_0]
refresh_hw_device [lindex [get_hw_devices xc7a100t_0] 0]
reset_run synth_2
launch_runs impl_2 -to_step write_bitstream -jobs 2
wait_on_run impl_2
set_property PROBES.FILE {} [get_hw_devices xc7a100t_0]
set_property FULL_PROBES.FILE {} [get_hw_devices xc7a100t_0]
set_property PROGRAM.FILE {C:/Users/Miguel/Desktop/CR/CR_Project/justMd5/justMD5/justMD5.runs/impl_2/topLevel.bit} [get_hw_devices xc7a100t_0]
program_hw_devices [get_hw_devices xc7a100t_0]
refresh_hw_device [lindex [get_hw_devices xc7a100t_0] 0]
reset_run impl_2 -prev_step 
launch_runs impl_2 -to_step write_bitstream -jobs 2
wait_on_run impl_2
reset_run impl_2 -prev_step 
reset_run synth_2
launch_runs impl_2 -to_step write_bitstream -jobs 2
wait_on_run impl_2
reset_run impl_2 -prev_step 
launch_runs impl_2 -to_step write_bitstream -jobs 2
wait_on_run impl_2
