04:53:08 **** Incremental Build of configuration Debug for project md5 ****
make all 
'Building file: ../src/helloworld.c'
'Invoking: MicroBlaze gcc compiler'
mb-gcc -Wall -O0 -g3 -c -fmessage-length=0 -MT"src/helloworld.o" -I../../md5_bsp/microblaze_0/include -mlittle-endian -mcpu=v10.0 -mxl-soft-mul -Wl,--no-relax -ffunction-sections -fdata-sections -MMD -MP -MF"src/helloworld.d" -MT"src/helloworld.o" -o "src/helloworld.o" "../src/helloworld.c"
../src/helloworld.c:3:24: fatal error: xil_printf.h: No such file or directory
 #include "xil_printf.h"
                        ^
compilation terminated.
make: ** [src/helloworld.o] Erro 1
04:53:12 **** Auto Build of project md5_bsp ****
make -k all 
"Running Make include in microblaze_0/libsrc/bram_v4_2/src"
make -C microblaze_0/libsrc/bram_v4_2/src -s include  "SHELL=CMD" "COMPILER=mb-gcc" "ARCHIVER=mb-ar" "COMPILER_FLAGS= -O2 -c -mcpu=v10.0 -mlittle-endian -mxl-soft-mul" "EXTRA_COMPILER_FLAGS=-ffunction-sections -fdata-sections -Wall -Wextra"
"Running Make include in microblaze_0/libsrc/cpu_v2_6/src"
make -C microblaze_0/libsrc/cpu_v2_6/src -s include  "SHELL=CMD" "COMPILER=mb-gcc" "ARCHIVER=mb-ar" "COMPILER_FLAGS= -O2 -c -mcpu=v10.0 -mlittle-endian -mxl-soft-mul" "EXTRA_COMPILER_FLAGS=-ffunction-sections -fdata-sections -Wall -Wextra"
"Running Make include in microblaze_0/libsrc/intc_v3_7/src"
make -C microblaze_0/libsrc/intc_v3_7/src -s include  "SHELL=CMD" "COMPILER=mb-gcc" "ARCHIVER=mb-ar" "COMPILER_FLAGS= -O2 -c -mcpu=v10.0 -mlittle-endian -mxl-soft-mul" "EXTRA_COMPILER_FLAGS=-ffunction-sections -fdata-sections -Wall -Wextra"
"Running Make include in microblaze_0/libsrc/standalone_v6_5/src"
make -C microblaze_0/libsrc/standalone_v6_5/src -s include  "SHELL=CMD" "COMPILER=mb-gcc" "ARCHIVER=mb-ar" "COMPILER_FLAGS= -O2 -c -mcpu=v10.0 -mlittle-endian -mxl-soft-mul" "EXTRA_COMPILER_FLAGS=-ffunction-sections -fdata-sections -Wall -Wextra"
"Running Make include in microblaze_0/libsrc/uartlite_v3_2/src"
make -C microblaze_0/libsrc/uartlite_v3_2/src -s include  "SHELL=CMD" "COMPILER=mb-gcc" "ARCHIVER=mb-ar" "COMPILER_FLAGS= -O2 -c -mcpu=v10.0 -mlittle-endian -mxl-soft-mul" "EXTRA_COMPILER_FLAGS=-ffunction-sections -fdata-sections -Wall -Wextra"
"Running Make libs in microblaze_0/libsrc/bram_v4_2/src"
make -C microblaze_0/libsrc/bram_v4_2/src -s libs  "SHELL=CMD" "COMPILER=mb-gcc" "ARCHIVER=mb-ar" "COMPILER_FLAGS= -O2 -c -mcpu=v10.0 -mlittle-endian -mxl-soft-mul" "EXTRA_COMPILER_FLAGS=-ffunction-sections -fdata-sections -Wall -Wextra"
"Compiling bram"
mb-ar: creating ../../../lib/libxil.a
"Running Make libs in microblaze_0/libsrc/cpu_v2_6/src"
make -C microblaze_0/libsrc/cpu_v2_6/src -s libs  "SHELL=CMD" "COMPILER=mb-gcc" "ARCHIVER=mb-ar" "COMPILER_FLAGS= -O2 -c -mcpu=v10.0 -mlittle-endian -mxl-soft-mul" "EXTRA_COMPILER_FLAGS=-ffunction-sections -fdata-sections -Wall -Wextra"
"Compiling cpu"
"Running Make libs in microblaze_0/libsrc/intc_v3_7/src"
make -C microblaze_0/libsrc/intc_v3_7/src -s libs  "SHELL=CMD" "COMPILER=mb-gcc" "ARCHIVER=mb-ar" "COMPILER_FLAGS= -O2 -c -mcpu=v10.0 -mlittle-endian -mxl-soft-mul" "EXTRA_COMPILER_FLAGS=-ffunction-sections -fdata-sections -Wall -Wextra"
"Compiling intc"
"Running Make libs in microblaze_0/libsrc/standalone_v6_5/src"
make -C microblaze_0/libsrc/standalone_v6_5/src -s libs  "SHELL=CMD" "COMPILER=mb-gcc" "ARCHIVER=mb-ar" "COMPILER_FLAGS= -O2 -c -mcpu=v10.0 -mlittle-endian -mxl-soft-mul" "EXTRA_COMPILER_FLAGS=-ffunction-sections -fdata-sections -Wall -Wextra"
"Compiling standalone";
"Running Make libs in microblaze_0/libsrc/uartlite_v3_2/src"
make -C microblaze_0/libsrc/uartlite_v3_2/src -s libs  "SHELL=CMD" "COMPILER=mb-gcc" "ARCHIVER=mb-ar" "COMPILER_FLAGS= -O2 -c -mcpu=v10.0 -mlittle-endian -mxl-soft-mul" "EXTRA_COMPILER_FLAGS=-ffunction-sections -fdata-sections -Wall -Wextra"
"Compiling uartlite"
'Finished building libraries'
04:53:18 **** Auto Build of configuration Debug for project md5 ****
make all 
'Building file: ../src/helloworld.c'
'Invoking: MicroBlaze gcc compiler'
mb-gcc -Wall -O0 -g3 -c -fmessage-length=0 -MT"src/helloworld.o" -I../../md5_bsp/microblaze_0/include -mlittle-endian -mcpu=v10.0 -mxl-soft-mul -Wl,--no-relax -ffunction-sections -fdata-sections -MMD -MP -MF"src/helloworld.d" -MT"src/helloworld.o" -o "src/helloworld.o" "../src/helloworld.c"
../src/helloworld.c: In function 'main':
../src/helloworld.c:42:31: warning: implicit declaration of function 'ceil' [-Wimplicit-function-declaration]
     int numberOfBlocks = (int)ceil((initial_len+64)/448.0);
                               ^~~~
../src/helloworld.c:42:31: warning: incompatible implicit declaration of built-in function 'ceil'
../src/helloworld.c:42:31: note: include '<math.h>' or provide a declaration of 'ceil'
../src/helloworld.c:47:21: warning: implicit declaration of function 'calloc' [-Wimplicit-function-declaration]
     block = (char *)calloc(length, sizeof(char));
                     ^~~~~~
../src/helloworld.c:47:21: warning: incompatible implicit declaration of built-in function 'calloc'
../src/helloworld.c:47:21: note: include '<stdlib.h>' or provide a declaration of 'calloc'
../src/helloworld.c:57:6: warning: implicit declaration of function 'exit' [-Wimplicit-function-declaration]
      exit(1);
      ^~~~
../src/helloworld.c:57:6: warning: incompatible implicit declaration of built-in function 'exit'
../src/helloworld.c:57:6: note: include '<stdlib.h>' or provide a declaration of 'exit'
../src/helloworld.c:125:1: warning: "/*" within comment [-Wcomment]
 /*
  
../src/helloworld.c:128:2: warning: "/*" within comment [-Wcomment]
  /* Check to see if we were successful */
   
../src/helloworld.c:132:6: warning: "/*" within comment [-Wcomment]
      /* We were not so display a message */
       
../src/helloworld.c:135:6: warning: "/*" within comment [-Wcomment]
      /* And exit */
       
../src/helloworld.c:139:3: warning: "/*" within comment [-Wcomment]
   /* Define the amount of memory required, 64 * 8=512 -> it will reserve 512 bits */
    
../src/helloworld.c:200:4: warning: "/*" within comment [-Wcomment]
    /*for(i=5;i<61;i++){
     
../src/helloworld.c:230:2: warning: "/*" within comment [-Wcomment]
  /*  for(c=0;c<16;c=c+1){
   
../src/helloworld.c:181:10: warning: unused variable 'basePtr' [-Wunused-variable]
    char *basePtr=blockTemp;
          ^~~~~~~
../src/helloworld.c:287:2: warning: 'r4' may be used uninitialized in this function [-Wmaybe-uninitialized]
  xil_printf("%08x", r4);
  ^~~~~~~~~~~~~~~~~~~~~~
../src/helloworld.c:288:2: warning: 'r3' may be used uninitialized in this function [-Wmaybe-uninitialized]
  xil_printf("%08x", r3);
  ^~~~~~~~~~~~~~~~~~~~~~
../src/helloworld.c:289:2: warning: 'r2' may be used uninitialized in this function [-Wmaybe-uninitialized]
  xil_printf("%08x", r2);
  ^~~~~~~~~~~~~~~~~~~~~~
../src/helloworld.c:290:2: warning: 'r1' may be used uninitialized in this function [-Wmaybe-uninitialized]
  xil_printf("%08x", r1);
  ^~~~~~~~~~~~~~~~~~~~~~
'Finished building: ../src/helloworld.c'
' '
'Building file: ../src/platform.c'
'Invoking: MicroBlaze gcc compiler'
mb-gcc -Wall -O0 -g3 -c -fmessage-length=0 -MT"src/platform.o" -I../../md5_bsp/microblaze_0/include -mlittle-endian -mcpu=v10.0 -mxl-soft-mul -Wl,--no-relax -ffunction-sections -fdata-sections -MMD -MP -MF"src/platform.d" -MT"src/platform.o" -o "src/platform.o" "../src/platform.c"
'Finished building: ../src/platform.c'
' '
'Building target: md5.elf'
'Invoking: MicroBlaze gcc linker'
mb-gcc -Wl,-T -Wl,../src/lscript.ld -L../../md5_bsp/microblaze_0/lib -mlittle-endian -mcpu=v10.0 -mxl-soft-mul -Wl,--no-relax -Wl,--gc-sections -o "md5.elf"  ./src/helloworld.o ./src/platform.o   -Wl,--start-group,-lxil,-lgcc,-lc,--end-group
'Finished building target: md5.elf'
' '
'Invoking: MicroBlaze Print Size'
mb-size md5.elf  |tee "md5.elf.size"
   text	   data	    bss	    dec	    hex	filename
  40532	   1312	   3172	  45016	   afd8	md5.elf
'Finished building: md5.elf.size'
' '
04:54:04 **** Incremental Build of configuration Debug for project md5 ****
make all 
make: Nada a ser feito para `all'.
