#-----------------------------------------------------------
# Vivado v2017.4 (64-bit)
# SW Build 2086221 on Fri Dec 15 20:55:39 MST 2017
# IP Build 2085800 on Fri Dec 15 22:25:07 MST 2017
# Start of session at: Tue Jul 10 23:43:51 2018
# Process ID: 12088
# Current directory: C:/Users/Miguel/Desktop/CR/CR_Project/Redesigned/StreamPopCount
# Command line: vivado.exe -gui_launcher_event rodinguilauncherevent1572 C:\Users\Miguel\Desktop\CR\CR_Project\Redesigned\StreamPopCount\StreamPopCount.xpr
# Log file: C:/Users/Miguel/Desktop/CR/CR_Project/Redesigned/StreamPopCount/vivado.log
# Journal file: C:/Users/Miguel/Desktop/CR/CR_Project/Redesigned/StreamPopCount\vivado.jou
#-----------------------------------------------------------
start_gui
open_project C:/Users/Miguel/Desktop/CR/CR_Project/Redesigned/StreamPopCount/StreamPopCount.xpr
update_compile_order -fileset sources_1
file copy -force C:/Users/Miguel/Desktop/CR/CR_Project/Redesigned/StreamPopCount/StreamPopCount.runs/impl_1/design_1_wrapper.sysdef C:/Users/Miguel/Desktop/CR/CR_Project/Redesigned/StreamPopCount/StreamPopCount.sdk/design_1_wrapper.hdf

launch_sdk -workspace C:/Users/Miguel/Desktop/CR/CR_Project/Redesigned/StreamPopCount/StreamPopCount.sdk -hwspec C:/Users/Miguel/Desktop/CR/CR_Project/Redesigned/StreamPopCount/StreamPopCount.sdk/design_1_wrapper.hdf
file copy -force C:/Users/Miguel/Desktop/CR/CR_Project/Redesigned/StreamPopCount/StreamPopCount.runs/impl_1/design_1_wrapper.sysdef C:/Users/Miguel/Desktop/CR/CR_Project/Redesigned/StreamPopCount/StreamPopCount.sdk/design_1_wrapper.hdf

launch_sdk -workspace C:/Users/Miguel/Desktop/CR/CR_Project/Redesigned/StreamPopCount/StreamPopCount.sdk -hwspec C:/Users/Miguel/Desktop/CR/CR_Project/Redesigned/StreamPopCount/StreamPopCount.sdk/design_1_wrapper.hdf
