21:40:40 **** Auto Build of configuration Debug for project MD5 ****
make all 
'Building file: ../src/helloworld.c'
'Invoking: MicroBlaze gcc compiler'
mb-gcc -Wall -O0 -g3 -c -fmessage-length=0 -MT"src/helloworld.o" -I../../MD5_bsp/microblaze_0/include -mlittle-endian -mcpu=v10.0 -mxl-soft-mul -Wl,--no-relax -ffunction-sections -fdata-sections -MMD -MP -MF"src/helloworld.d" -MT"src/helloworld.o" -o "src/helloworld.o" "../src/helloworld.c"
../src/helloworld.c: In function 'main':
../src/helloworld.c:31:1: warning: "/*" within comment [-Wcomment]
 /*
  
../src/helloworld.c:34:2: warning: "/*" within comment [-Wcomment]
  /* Check to see if we were successful */
   
../src/helloworld.c:38:6: warning: "/*" within comment [-Wcomment]
      /* We were not so display a message */
       
../src/helloworld.c:41:6: warning: "/*" within comment [-Wcomment]
      /* And exit */
       
../src/helloworld.c:45:3: warning: "/*" within comment [-Wcomment]
   /* Define the amount of memory required, 64 * 8=512 -> it will reserve 512 bits */
    
../src/helloworld.c:78:27: warning: implicit declaration of function 'calloc' [-Wimplicit-function-declaration]
    subBlockTemp = (char *)calloc(4, sizeof(char));
                           ^~~~~~
../src/helloworld.c:78:27: warning: incompatible implicit declaration of built-in function 'calloc'
../src/helloworld.c:78:27: note: include '<stdlib.h>' or provide a declaration of 'calloc'
'Finished building: ../src/helloworld.c'
' '
'Building target: MD5.elf'
'Invoking: MicroBlaze gcc linker'
mb-gcc -Wl,-T -Wl,../src/lscript.ld -L../../MD5_bsp/microblaze_0/lib -mlittle-endian -mcpu=v10.0 -mxl-soft-mul -Wl,--no-relax -Wl,--gc-sections -o "MD5.elf"  ./src/helloworld.o ./src/platform.o   -Wl,--start-group,-lxil,-lgcc,-lc,--end-group
'Finished building target: MD5.elf'
' '
'Invoking: MicroBlaze Print Size'
mb-size MD5.elf  |tee "MD5.elf.size"
   text	   data	    bss	    dec	    hex	filename
  16320	   1312	   3168	  20800	   5140	MD5.elf
'Finished building: MD5.elf.size'
' '

21:40:40 Build Finished (took 742ms)

